Conversion started at Sun Jun 14 13:14:11 CST 2026
✓ 控制面板的悖论-Claudepot代码考古.png: 1029934 → 67770 (94.00%)
✓ 1000-hours-complete-guide.png: 1419932 → 74206 (95.00%)
✓ ai-as-recommendation-engine.png: 1488481 → 120304 (92.00%)
✓ ai-era-apprenticeship-system.png: 1851806 → 203754 (89.00%)
✓ ai-era-intelligence-deprivation.png: 2082988 → 274562 (87.00%)
✓ ai-era-no-more-mediocres.png: 1499573 → 115640 (93.00%)
✓ ai-native-terminal-kaku.png: 346087 → 65068 (82.00%)
✓ clawbot-data-privacy-concerns.png: 2000592 → 282350 (86.00%)
✓ continual-learning-a16z.png: 1111066 → 67320 (94.00%)
✓ dollar-cost-averaging-life-algorithm.png: 1579953 → 133090 (92.00%)
✓ github-thinking-repository.png: 1645500 → 165916 (90.00%)
✓ good-things-happen-when-relaxed.png: 1737916 → 183058 (90.00%)
✓ human-ai-collaboration-vmark.png: 818990 → 55660 (94.00%)
✓ kaku-ai-native-terminal.png: 303757 → 130128 (58.00%)
✓ musk-engineering-entities-logic.png: 210844 → 155370 (27.00%)
✓ my-website-journey-three-days.png: 2065368 → 276956 (87.00%)
✓ rewarding-children-you-may-be-wrong.png: 1779041 → 206720 (89.00%)
✓ smart-questions-guide.png: 1797911 → 213364 (89.00%)
✓ those-who-queue-for-ai-tools.png: 2057333 → 277330 (87.00%)
✓ three-day-website-tutorial.png: 1556974 → 167676 (90.00%)
✓ vmark-human-ai-collaboration.png: 331116 → 140420 (58.00%)
✓ when-every-craftsman-has-a-super-factory.png: 1951282 → 249700 (88.00%)
✓ why-vibecoding-works.png: 2001738 → 262242 (87.00%)
